[somarawellness.com/index.html]
[backblue.gif]
[fade.gif]
[index.html]
[somarawellness.com/wp-content/uploads/2023/10/Somara-Logo-e1696798875347.png]
[somarawellness.com/wp-content/plugins/dethemekit-for-elementor/includes/ext/sina/assets/css/sina-morphing.min4c56.css]
[somarawellness.com/wp-content/plugins/dethemekit-for-elementor/includes/ext/sina/assets/css/de-reveal-animation4c56.css]
[somarawellness.com/wp-content/plugins/dethemekit-for-elementor/includes/ext/sina/assets/css/de-reveal-curtain-animation4c56.css]
[somarawellness.com/wp-content/plugins/dethemekit-for-elementor/includes/ext/sina/assets/css/letter/normalize4c56.css]
[somarawellness.com/wp-content/plugins/dethemekit-for-elementor/includes/ext/sina/assets/css/letter/lettereffect4c56.css]
[somarawellness.com/feed/index.html]
[somarawellness.com/wp-content/plugins/dethemekit-for-elementor/includes/ext/sina/assets/css/letter/pater4c56.css]
[somarawellness.com/wp-content/plugins/dethemekit-for-elementor/includes/ext/sina/assets/css/de_staggering/animate4c56.css]
[somarawellness.com/comments/feed/index.html]
[somarawellness.com/wp-content/plugins/dethemekit-for-elementor/includes/ext/sina/assets/css/de_staggering/de-staggering4c56.css]
[somarawellness.com/wp-content/plugins/jeg-elementor-kit/assets/css/elements/main61da.css]
[somarawellness.com/wp-includes/css/dist/block-library/style.minadc6.css]
[somarawellness.com/wp-content/plugins/woocommerce/packages/woocommerce-blocks/build/wc-blocks-vendors-style71f0.css]
[somarawellness.com/wp-content/plugins/booking-for-woocommerce/assets/css/stylebfce.css]
[somarawellness.com/wp-content/plugins/chaty/css/chaty-frontcc85.css]
[somarawellness.com/wp-content/plugins/woocommerce/packages/woocommerce-blocks/build/wc-all-blocks-style71f0.css]
[somarawellness.com/wp-content/plugins/contact-form-7/includes/css/stylesf658.css]
[somarawellness.com/wp-content/plugins/nk-progress-counter-block/css/progress-blockadc6.css]
[somarawellness.com/wp-content/themes/customify/assets/css/compatibility/woocommerce.min12c8.css]
[somarawellness.com/wp-content/themes/customify/assets/css/compatibility/woocommerce-smallscreen.min12c8.css]
[somarawellness.com/wp-content/plugins/header-footer-elementor/assets/css/header-footer-elementor88a1.css]
[somarawellness.com/wp-content/plugins/elementor/assets/lib/eicons/css/elementor-icons.min192d.css]
[somarawellness.com/wp-content/plugins/elementor/assets/css/frontend.minafc7.css]
[somarawellness.com/wp-content/plugins/elementor/assets/lib/swiper/css/swiper.min48f5.css]
[somarawellness.com/wp-content/uploads/elementor/css/post-21004554.css]
[somarawellness.com/wp-content/plugins/elementor-pro/assets/css/frontend.min5829.css]
[somarawellness.com/wp-content/plugins/image-hover-effects-addon-for-elementor/assets/style.minad05.css]
[somarawellness.com/wp-content/plugins/dethemekit-for-elementor/assets/css/de-sticky-frontend4c56.css]
[somarawellness.com/wp-content/plugins/dethemekit-for-elementor/assets/css/de-product-display4c56.css]
[somarawellness.com/wp-content/plugins/elementor/assets/lib/font-awesome/css/all.min4c56.css]
[somarawellness.com/wp-content/plugins/elementor/assets/lib/font-awesome/css/v4-shims.minafc7.css]
[somarawellness.com/wp-content/plugins/sticky-header-effects-for-elementor/assets/css/she-header-style544c.css]
[somarawellness.com/wp-content/uploads/elementor/css/post-85d03.css]
[somarawellness.com/wp-content/plugins/header-footer-elementor/inc/widgets-css/frontend88a1.css]
[somarawellness.com/wp-content/plugins/rometheme-for-elementor/widgets/assets/css/offcanvasc412.css]
[somarawellness.com/wp-content/plugins/rometheme-for-elementor/widgets/assets/css/navmenuc412.css]
[somarawellness.com/wp-content/plugins/rometheme-for-elementor/widgets/assets/css/rkit-navmenuc412.css]
[somarawellness.com/wp-content/plugins/rometheme-for-elementor/widgets/assets/css/rkit-blog-postc412.css]
[somarawellness.com/wp-content/plugins/rometheme-for-elementor/widgets/assets/css/ctac412.css]
[somarawellness.com/wp-content/plugins/rometheme-for-elementor/widgets/assets/css/blockquotec412.css]
[somarawellness.com/wp-content/plugins/rometheme-for-elementor/widgets/assets/css/rkit_teamc412.css]
[somarawellness.com/wp-content/plugins/rometheme-for-elementor/widgets/assets/css/animated_headingc412.css]
[somarawellness.com/wp-content/plugins/rometheme-for-elementor/widgets/assets/css/card_sliderc412.css]
[somarawellness.com/wp-content/plugins/rometheme-for-elementor/widgets/assets/css/accordionc412.css]
[somarawellness.com/wp-content/plugins/rometheme-for-elementor/widgets/assets/css/testimonial_carouselc412.css]
[somarawellness.com/wp-content/plugins/rometheme-for-elementor/widgets/assets/css/tabsc412.css]
[somarawellness.com/wp-content/plugins/rometheme-for-elementor/widgets/assets/css/progress-barc412.css]
[somarawellness.com/wp-content/plugins/rometheme-for-elementor/widgets/assets/css/counterc412.css]
[somarawellness.com/wp-content/plugins/rometheme-for-elementor/assets/css/stylec412.css]
[somarawellness.com/wp-content/plugins/rometheme-for-elementor/assets/css/rkitc412.css]
[somarawellness.com/wp-content/plugins/romethemeform/widgets/assets/css/rtform_textadc6.css]
[somarawellness.com/wp-content/plugins/romethemeform/widgets/assets/css/rformadc6.css]
[somarawellness.com/wp-content/plugins/romethemeform/widgets/assets/css/spinner-loadingadc6.css]
[somarawellness.com/wp-content/plugins/romethemeform/widgets/assets/css/rform-selectadc6.css]
[somarawellness.com/wp-content/plugins/romethemeform/widgets/assets/css/rform-radiobuttonadc6.css]
[somarawellness.com/wp-content/plugins/romethemeform/widgets/assets/css/rform-checkboxadc6.css]
[somarawellness.com/wp-content/plugins/metform/public/assets/css/text-editoraf6c.css]
[somarawellness.com/wp-content/plugins/dethemekit-for-elementor/assets/css/simple-line-icons4c56.css]
[somarawellness.com/wp-content/plugins/dethemekit-for-elementor/assets/css/htflexboxgrid4c56.css]
[somarawellness.com/wp-content/plugins/dethemekit-for-elementor/assets/css/slick4c56.css]
[somarawellness.com/wp-content/plugins/dethemekit-for-elementor/assets/css/dethemekit-widgets4c56.css]
[somarawellness.com/wp-content/plugins/dethemekit-for-elementor/assets/css/dethemekit-de-carousel4c56.css]
[somarawellness.com/wp-content/uploads/elementor/css/post-6974f7e1.css]
[somarawellness.com/wp-content/uploads/elementor/css/post-51504554.css]
[somarawellness.com/wp-content/plugins/elementskit-lite/modules/elementskit-icon-pack/assets/css/ekiticonsab7d.css]
[somarawellness.com/wp-content/plugins/elementor/assets/lib/font-awesome/css/font-awesome.min1849.css]
[somarawellness.com/wp-content/themes/customify/style.min3969.css]
[somarawellness.com/wp-content/themes/customify/assets/images/default-cover.jpg]
[somarawellness.com/wp-content/plugins/elementskit-lite/widgets/init/assets/css/widget-stylesab7d.css]
[somarawellness.com/wp-content/plugins/elementskit-lite/widgets/init/assets/css/responsiveab7d.css]
[somarawellness.com/wp-content/plugins/essential-addons-for-elementor-lite/assets/front-end/css/view/general.min2b6f.css]
[somarawellness.com/wp-content/plugins/dethemekit-for-elementor/assets/css/de_loop/ecs-style4c56.css]
[somarawellness.com/wp-content/plugins/bookingpress-appointment-booking/css/bookingpress_element_theme08cc.css]
[somarawellness.com/wp-content/plugins/bookingpress-appointment-booking/css/fonts/fonts08cc.css]
[somarawellness.com/wp-content/plugins/bookingpress-appointment-booking/css/bookingpress_front08cc.css]
[somarawellness.com/wp-content/plugins/bookingpress-custom-service-duration/css/bookingpress-custom-service-duration-frontf24c.css]
[somarawellness.com/wp-content/plugins/bookingpress-appointment-booking-pro/css/bookingpress_pro_front6aec.css]
[somarawellness.com/wp-content/uploads/bookingpress/bookingpress_front_custom_648b1beda229508cc.css]
[somarawellness.com/wp-content/uploads/bookingpress/bookingpress_front_mybookings_custom_648b1beda229508cc.css]
[somarawellness.com/wp-content/plugins/elementor/assets/lib/font-awesome/css/fontawesome.min52d5.css]
[somarawellness.com/wp-content/plugins/elementor/assets/lib/font-awesome/css/solid.min52d5.css]
[somarawellness.com/wp-content/plugins/dethemekit-for-elementor/modules/controls/assets/css/dticonad76.css]
[somarawellness.com/wp-includes/js/dist/vendor/wp-polyfill-inert.min0226.js]
[somarawellness.com/wp-includes/js/dist/vendor/regenerator-runtime.min6c85.js]
[somarawellness.com/wp-includes/js/dist/vendor/wp-polyfill.min2c7c.js]
[somarawellness.com/wp-includes/js/dist/hooks.min2757.js]
[stats.wp.com/wb274.js]
[somarawellness.com/wp-content/plugins/rometheme-for-elementor/widgets/assets/js/offcanvasadc6.js]
[somarawellness.com/wp-content/plugins/rometheme-for-elementor/widgets/assets/js/navmenuadc6.js]
[somarawellness.com/wp-content/plugins/rometheme-for-elementor/widgets/assets/js/card_sliderc412.js]
[somarawellness.com/wp-content/plugins/dethemekit-for-elementor/assets/js/jquery-1.12.4-wpadc6.js]
[somarawellness.com/wp-content/plugins/rometheme-for-elementor/widgets/assets/js/animated_headingc412.js]
[somarawellness.com/wp-content/plugins/rometheme-for-elementor/widgets/assets/js/accordionc412.js]
[somarawellness.com/wp-content/plugins/rometheme-for-elementor/widgets/assets/js/bar_chartc412.js]
[somarawellness.com/wp-content/plugins/rometheme-for-elementor/widgets/assets/js/line_chartc412.js]
[somarawellness.com/wp-content/plugins/rometheme-for-elementor/widgets/assets/js/pie_chartc412.js]
[somarawellness.com/wp-content/plugins/romethemeform/widgets/assets/js/rtform_textc64e.js]
[somarawellness.com/wp-content/plugins/romethemeform/widgets/assets/js/rform_selectc64e.js]
[somarawellness.com/wp-content/plugins/romethemeform/widgets/assets/js/rformc64e.js]
[somarawellness.com/wp-content/plugins/dethemekit-for-elementor/assets/js/jquery-migrate-1.4.1-wpadc6.js]
[somarawellness.com/wp-content/plugins/elementor/assets/lib/font-awesome/js/v4-shims.minafc7.js]
[somarawellness.com/wp-content/plugins/sticky-header-effects-for-elementor/assets/js/she-header544c.js]
[somarawellness.com/wp-content/plugins/dethemekit-for-elementor/assets/js/de_loop/ecs_ajax_pagination4c56.js]
[somarawellness.com/wp-json/wp/v2/pages/8.json]
[somarawellness.com/xmlrpc0db0.php]
[somarawellness.com/wp-json/index.html]
[somarawellness.com/wp-json/oembed/1.0/embed54b8.json]
[somarawellness.com/wp-json/oembed/1.0/embedc281]
[connect.facebook.net/en_US/fbevents2f15.js]
[somarawellness.com/wp-content/uploads/2023/10/Untitled-design-1-e1697343383683-100x100.png]
[somarawellness.com/wp-content/uploads/2023/10/Untitled-design-1-e1697343383683-300x300.png]
[somarawellness.com/wp-content/uploads/2020/04/484564_PR126__SI__22_05_14_45-m.png]
[somarawellness.com/wp-content/uploads/2020/07/shutterstock_481531714.jpg]
[somarawellness.com/aromatherapy-massage-2/index.html]
[somarawellness.com/wp-content/uploads/2020/06/28.png]
[somarawellness.com/balinese-massage-2/index.html]
[somarawellness.com/wp-content/uploads/2020/03/photo-of-a-woman-using-her-smartphone-935759-1024x682.jpg]
[somarawellness.com/swedish-massage-2/index.html]
[somarawellness.com/deep-tissue-massage-2/index.html]
[somarawellness.com/reflexology-spa-treatment-in-banjara-hills-hyderabad/index.html]
[somarawellness.com/facials/index.html]
[somarawellness.com/body-scrubs/index.html]
[somarawellness.com/wp-content/plugins/elementor/assets/lib/animations/animations.minafc7.css]
[somarawellness.com/lakdi-ka-pul-outlet/index.html]
[somarawellness.com/mercure-hotel-banjara-hills/index.html]
[somarawellness.com/mla-colony/index.html]
[somarawellness.com/blog-page/index.html]
[somarawellness.com/somajiguda-outlet/index.html]
[somarawellness.com/about-somara/index.html]
[somarawellness.com/wp-content/plugins/woocommerce/assets/css/photoswipe/photoswipe.min12c8.css]
[somarawellness.com/healthy-way-of-life-with-somara/index.html]
[somarawellness.com/book-appointment/index.html]
[somarawellness.com/wp-content/plugins/woocommerce/assets/css/photoswipe/default-skin/default-skin.min12c8.css]
[somarawellness.com/category/posts/index.html]
[somarawellness.com/having-a-headache-spa-at-somara-is-what-you-need/index.html]
[somarawellness.com/spa-an-experience/index.html]
[somarawellness.com/wp-content/plugins/rometheme-for-elementor/widgets/assets/js/rkit-navmenuc412.js]
[somarawellness.com/careers/index.html]
[somarawellness.com/corporate-wellness/index.html]
[somarawellness.com/wp-content/plugins/rometheme-for-elementor/widgets/assets/js/social_sharec412.js]
[cdnjs.cloudflare.com/ajax/libs/Chart.js/3.5.1/chart.minc412.js]
[somarawellness.com/wp-content/plugins/rometheme-for-elementor/widgets/assets/js/swiper-bundle.minc412.js]
[somarawellness.com/wp-content/plugins/rometheme-for-elementor/widgets/assets/js/testimonial_carouselc412.js]
[somarawellness.com/wp-content/plugins/rometheme-for-elementor/widgets/assets/js/tabsc412.js]
[somarawellness.com/wp-content/plugins/rometheme-for-elementor/widgets/assets/js/progressc412.js]
[somarawellness.com/wp-content/plugins/rometheme-for-elementor/widgets/assets/js/counterc412.js]
[somarawellness.com/wp-content/plugins/booking-for-woocommerce/assets/js/frontbfce.js]
[somarawellness.com/wp-content/plugins/chaty/js/cht-front-scriptcc85.js]
[somarawellness.com/wp-content/plugins/contact-form-7/includes/swv/js/indexf658.js]
[somarawellness.com/wp-content/plugins/contact-form-7/includes/js/indexf658.js]
[somarawellness.com/wp-content/plugins/mystickymenu/js/morphext/morphext.min72e6.js]
[somarawellness.com/wp-content/plugins/mystickymenu/js/welcomebar-front72e6.js]
[somarawellness.com/wp-content/plugins/mystickymenu/js/detectmobilebrowser72e6.js]
[somarawellness.com/wp-content/plugins/mystickymenu/js/mystickymenu.min72e6.js]
[somarawellness.com/wp-content/plugins/nk-progress-counter-block/js/progress-blockadc6.js]
[somarawellness.com/wp-content/plugins/woocommerce/assets/js/jquery-blockui/jquery.blockUI.minf111.js]
[somarawellness.com/wp-content/plugins/woocommerce/assets/js/frontend/add-to-cart.min12c8.js]
[somarawellness.com/wp-content/plugins/woocommerce/assets/js/js-cookie/js.cookie.min956a.js]
[somarawellness.com/wp-content/plugins/woocommerce/assets/js/frontend/woocommerce.min12c8.js]
[somarawellness.com/wp-content/plugins/elementskit-lite/widgets/init/assets/js/widget-scriptsab7d.js]
[somarawellness.com/wp-content/themes/customify/assets/js/theme.min3969.js]
[somarawellness.com/wp-content/themes/customify/assets/js/compatibility/woocommerce.min3969.js]
[somarawellness.com/wp-content/plugins/elementor/assets/js/webpack.runtime.minafc7.js]
[somarawellness.com/wp-content/plugins/elementor/assets/js/frontend-modules.minafc7.js]
[somarawellness.com/wp-content/plugins/elementor/assets/lib/waypoints/waypoints.min05da.js]
[somarawellness.com/wp-includes/js/jquery/ui/core.min3f14.js]
[somarawellness.com/wp-content/plugins/elementor/assets/js/frontend.minafc7.js]
[somarawellness.com/wp-content/plugins/jeg-elementor-kit/assets/js/elements/sticky-element61da.js]
[somarawellness.com/wp-content/plugins/essential-addons-for-elementor-lite/assets/front-end/js/view/general.min2b6f.js]
[somarawellness.com/wp-content/plugins/header-footer-elementor/inc/js/frontend88a1.js]
[somarawellness.com/wp-content/plugins/bookingpress-appointment-booking/js/bookingpress_vue.min08cc.js]
[somarawellness.com/wp-content/plugins/bookingpress-appointment-booking/js/bookingpress_axios.min08cc.js]
[somarawellness.com/wp-content/plugins/bookingpress-appointment-booking/js/bookingpress_wordpress_vue_qs_helper08cc.js]
[somarawellness.com/wp-content/plugins/bookingpress-appointment-booking/js/bookingpress_element08cc.js]
[somarawellness.com/wp-content/plugins/bookingpress-appointment-booking/js/bookingpress_moment.min08cc.js]
[somarawellness.com/wp-content/plugins/bookingpress-appointment-booking/js/bookingpress_v-calendar08cc.js]
[somarawellness.com/wp-content/plugins/bookingpress-appointment-booking/js/bookingpress_element_en08cc.js]
[somarawellness.com/wp-content/plugins/dethemekit-for-elementor/assets/js/lib/ResizeSensor.min7d4c.js]
[somarawellness.com/wp-content/plugins/dethemekit-for-elementor/assets/js/lib/sticky-sidebar/sticky-sidebar.min3d36.js]
[somarawellness.com/wp-content/plugins/dethemekit-for-elementor/assets/js/lib/jsticky/jquery.jstickyf488.js]
[somarawellness.com/wp-content/plugins/elementor-pro/assets/js/webpack-pro.runtime.min5829.js]
[somarawellness.com/wp-includes/js/dist/i18n.minc33c.js]
[somarawellness.com/wp-content/plugins/elementor-pro/assets/js/frontend.min5829.js]
[somarawellness.com/wp-content/plugins/elementor-pro/assets/js/elements-handlers.min5829.js]
[somarawellness.com/wp-content/plugins/dethemekit-for-elementor/assets/js/de-sticky-frontend4c56.js]
[somarawellness.com/wp-content/plugins/dethemekit-for-elementor/assets/js/de-active-icon-box4c56.js]
[somarawellness.com/wp-content/plugins/dethemekit-for-elementor/assets/js/de-active-column4c56.js]
[somarawellness.com/wp-content/plugins/elementskit-lite/widgets/init/assets/js/animate-circle.minab7d.js]
[somarawellness.com/wp-content/plugins/elementskit-lite/widgets/init/assets/js/elementorab7d.js]
[somarawellness.com/wp-content/plugins/dethemekit-for-elementor/includes/ext/sina/assets/js/anime.minadc6.js]
[somarawellness.com/wp-content/plugins/dethemekit-for-elementor/includes/ext/sina/assets/js/scrollMonitoradc6.js]
[somarawellness.com/wp-content/plugins/dethemekit-for-elementor/includes/ext/sina/assets/js/de_scroll_animation.previewadc6.js]
[somarawellness.com/wp-content/plugins/dethemekit-for-elementor/includes/ext/sina/assets/js/intersectionobserveradc6.js]
[somarawellness.com/wp-content/plugins/dethemekit-for-elementor/includes/ext/sina/assets/js/letter/charming.minadc6.js]
[somarawellness.com/wp-content/plugins/dethemekit-for-elementor/includes/ext/sina/assets/js/letter/lineMakeradc6.js]
[somarawellness.com/wp-content/plugins/dethemekit-for-elementor/includes/ext/sina/assets/js/letter/imagesloaded.pkgd.minadc6.js]
[somarawellness.com/wp-content/plugins/dethemekit-for-elementor/includes/ext/sina/assets/js/letter/textfxadc6.js]
[somarawellness.com/wp-content/plugins/dethemekit-for-elementor/includes/ext/sina/assets/js/mainadc6.js]
[somarawellness.com/wp-content/plugins/dethemekit-for-elementor/includes/ext/sina/assets/js/de_reveal_animation.previewadc6.js]
[somarawellness.com/wp-content/plugins/dethemekit-for-elementor/includes/ext/sina/assets/js/de_staggering/de_staggeringadc6.js]
[somarawellness.com/wp-includes/js/underscore.mind584.js]
[somarawellness.com/wp-includes/js/wp-util.minadc6.js]
[somarawellness.com/wp-content/plugins/wpforms-lite/assets/js/integrations/elementor/frontend.min29af.js]
[somarawellness.com/wp-content/plugins/woocommerce/assets/js/zoom/jquery.zoom.min96ff.js]
[somarawellness.com/wp-content/plugins/woocommerce/assets/js/flexslider/jquery.flexslider.min513c.js]
[somarawellness.com/wp-content/plugins/woocommerce/assets/js/photoswipe/photoswipe.min2420.js]
[somarawellness.com/wp-content/plugins/woocommerce/assets/js/photoswipe/photoswipe-ui-default.min2420.js]
[somarawellness.com/wp-content/plugins/woocommerce/assets/js/frontend/add-to-cart-variation.min12c8.js]
[somarawellness.com/index.html]
[somarawellness.com/wp-content/plugins/dethemekit-for-elementor/includes/ext/sina/assets/css/sina-morphing.min4c56.css]
[somarawellness.com/wp-content/plugins/dethemekit-for-elementor/includes/ext/sina/assets/css/de-scroll-animation4c56.css]
[somarawellness.com/wp-content/plugins/dethemekit-for-elementor/includes/ext/sina/assets/css/de-reveal-animation4c56.css]
[somarawellness.com/wp-content/plugins/dethemekit-for-elementor/includes/ext/sina/assets/css/revealer4c56.css]
[somarawellness.com/wp-content/plugins/dethemekit-for-elementor/includes/ext/sina/assets/css/de-reveal-curtain-animation4c56.css]
[somarawellness.com/wp-content/plugins/dethemekit-for-elementor/includes/ext/sina/assets/css/letter/decolines4c56.css]
[somarawellness.com/wp-content/plugins/dethemekit-for-elementor/includes/ext/sina/assets/css/letter/normalize4c56.css]
[somarawellness.com/wp-content/plugins/dethemekit-for-elementor/includes/ext/sina/assets/css/letter/lettereffect4c56.css]
[somarawellness.com/wp-content/plugins/dethemekit-for-elementor/includes/ext/sina/assets/css/letter/pater4c56.css]
[somarawellness.com/wp-content/plugins/dethemekit-for-elementor/includes/ext/sina/assets/css/de_staggering/animate4c56.css]
[somarawellness.com/wp-content/plugins/dethemekit-for-elementor/includes/ext/sina/assets/css/de_staggering/de-staggering4c56.css]
[somarawellness.com/wp-content/plugins/woocommerce/assets/js/frontend/single-product.min12c8.js]
[somarawellness.com/wp-content/plugins/jeg-elementor-kit/assets/img/letter-x.svg]
[somarawellness.com/wp-content/plugins/jeg-elementor-kit/assets/css/elements/main61da.css]
[somarawellness.com/wp-includes/css/dist/block-library/style.minadc6.css]
[somarawellness.com/wp-content/plugins/woocommerce/packages/woocommerce-blocks/build/wc-blocks-vendors-style71f0.css]
[somarawellness.com/wp-content/plugins/woocommerce/packages/woocommerce-blocks/build/wc-all-blocks-style71f0.css]
[somarawellness.com/wp-content/plugins/booking-for-woocommerce/assets/css/stylebfce.css]
[somarawellness.com/wp-content/plugins/chaty/images/whatsapp.png]
[somarawellness.com/wp-content/plugins/chaty/images/header-top.png]
[somarawellness.com/wp-content/plugins/chaty/images/header-bottom.png]
[somarawellness.com/wp-content/plugins/chaty/css/chaty-frontcc85.css]
[somarawellness.com/wp-content/plugins/contact-form-7/includes/css/stylesf658.css]
[somarawellness.com/wp-content/plugins/nk-progress-counter-block/css/progress-blockadc6.css]
[somarawellness.com/wp-content/themes/customify/assets/fonts/WooCommerce/star.eot]
[somarawellness.com/wp-content/themes/customify/assets/fonts/WooCommerce/stard41d.eot]
[somarawellness.com/wp-content/themes/customify/assets/fonts/WooCommerce/star.woff]
[somarawellness.com/wp-content/themes/customify/assets/fonts/WooCommerce/star.ttf]
[somarawellness.com/wp-content/themes/customify/assets/fonts/WooCommerce/star.svg]
[somarawellness.com/wp-content/themes/customify/assets/fonts/WooCommerce/WooCommerce.eot]
[somarawellness.com/wp-content/themes/customify/assets/fonts/WooCommerce/WooCommerced41d.eot]
[somarawellness.com/wp-content/themes/customify/assets/fonts/WooCommerce/WooCommerce.woff]
[somarawellness.com/wp-content/themes/customify/assets/fonts/WooCommerce/WooCommerce.ttf]
[somarawellness.com/wp-content/themes/customify/assets/fonts/WooCommerce/WooCommerce.svg]
[somarawellness.com/wp-content/themes/customify/assets/images/woocommerce/icons/loader.svg]
[somarawellness.com/wp-content/themes/customify/assets/images/icons/credit-cards/visa.svg]
[somarawellness.com/wp-content/themes/customify/assets/images/icons/credit-cards/mastercard.svg]
[somarawellness.com/wp-content/themes/customify/assets/images/icons/credit-cards/laser.svg]
[somarawellness.com/wp-content/themes/customify/assets/images/icons/credit-cards/diners.svg]
[somarawellness.com/wp-content/themes/customify/assets/images/icons/credit-cards/maestro.svg]
[somarawellness.com/wp-content/themes/customify/assets/images/icons/credit-cards/jcb.svg]
[somarawellness.com/wp-content/themes/customify/assets/images/icons/credit-cards/amex.svg]
[somarawellness.com/wp-content/themes/customify/assets/images/icons/credit-cards/discover.svg]
[somarawellness.com/wp-content/themes/customify/assets/css/compatibility/woocommerce.min12c8.css]
[somarawellness.com/wp-content/themes/customify/assets/css/compatibility/woocommerce-smallscreen.min12c8.css]
[somarawellness.com/wp-content/plugins/header-footer-elementor/assets/css/header-footer-elementor88a1.css]
[somarawellness.com/wp-content/plugins/elementor/assets/lib/eicons/fonts/eicons9506.eot]
[somarawellness.com/wp-content/plugins/elementor/assets/lib/eicons/fonts/eicons9506.woff2]
[somarawellness.com/wp-content/plugins/elementor/assets/lib/eicons/fonts/eicons9506.woff]
[somarawellness.com/wp-content/plugins/elementor/assets/lib/eicons/fonts/eicons9506.ttf]
[somarawellness.com/wp-content/plugins/elementor/assets/lib/eicons/css/elementor-icons.min192d.css]
[somarawellness.com/wp-content/plugins/elementor/assets/css/frontend.minafc7.css]
[somarawellness.com/wp-content/plugins/elementor/assets/lib/swiper/css/swiper.min48f5.css]
[somarawellness.com/wp-content/uploads/elementor/css/post-21004554.css]
[somarawellness.com/wp-content/plugins/elementor-pro/assets/css/frontend.min5829.css]
[somarawellness.com/wp-content/plugins/image-hover-effects-addon-for-elementor/assets/style.minad05.css]
[somarawellness.com/wp-content/plugins/dethemekit-for-elementor/assets/css/de-sticky-frontend4c56.css]
[somarawellness.com/wp-content/plugins/dethemekit-for-elementor/assets/css/de-product-display4c56.css]
[somarawellness.com/wp-content/plugins/elementor/assets/lib/eicons/fonts/eicons9506.svg]
[somarawellness.com/wp-content/plugins/elementor/assets/lib/font-awesome/webfonts/fa-brands-400.eot]
[somarawellness.com/wp-content/plugins/elementor/assets/lib/font-awesome/webfonts/fa-brands-400d41d.eot]
[somarawellness.com/wp-content/plugins/elementor/assets/lib/font-awesome/webfonts/fa-brands-400.woff2]
[somarawellness.com/wp-content/plugins/elementor/assets/lib/font-awesome/webfonts/fa-brands-400.woff]
[somarawellness.com/wp-content/plugins/elementor/assets/lib/font-awesome/webfonts/fa-brands-400.ttf]
[somarawellness.com/wp-content/plugins/elementor/assets/lib/font-awesome/webfonts/fa-regular-400.eot]
[somarawellness.com/wp-content/plugins/elementor/assets/lib/font-awesome/webfonts/fa-regular-400d41d.eot]
[somarawellness.com/wp-content/plugins/elementor/assets/lib/font-awesome/webfonts/fa-brands-400.svg]
[somarawellness.com/wp-content/plugins/elementor/assets/lib/font-awesome/webfonts/fa-regular-400.woff2]
[somarawellness.com/wp-content/plugins/elementor/assets/lib/font-awesome/webfonts/fa-regular-400.woff]
[somarawellness.com/wp-content/plugins/elementor/assets/lib/font-awesome/webfonts/fa-regular-400.ttf]
[somarawellness.com/wp-content/plugins/elementor/assets/lib/font-awesome/webfonts/fa-regular-400.svg]
[somarawellness.com/wp-content/plugins/elementor/assets/lib/font-awesome/webfonts/fa-solid-900.eot]
[somarawellness.com/wp-content/plugins/elementor/assets/lib/font-awesome/webfonts/fa-solid-900d41d.eot]
[somarawellness.com/wp-content/plugins/elementor/assets/lib/font-awesome/webfonts/fa-solid-900.woff2]
[somarawellness.com/wp-content/plugins/elementor/assets/lib/font-awesome/webfonts/fa-solid-900.woff]
[somarawellness.com/wp-content/plugins/elementor/assets/lib/font-awesome/css/all.min4c56.css]
[somarawellness.com/wp-content/plugins/elementor/assets/lib/font-awesome/webfonts/fa-solid-900.ttf]
[somarawellness.com/wp-content/plugins/elementor/assets/lib/font-awesome/css/v4-shims.minafc7.css]
[somarawellness.com/wp-content/plugins/sticky-header-effects-for-elementor/assets/css/she-header-style544c.css]
[somarawellness.com/wp-content/uploads/2023/10/floral_1.png]
[somarawellness.com/wp-content/uploads/2023/10/floral_2.png]
[somarawellness.com/wp-content/plugins/elementor/assets/lib/font-awesome/webfonts/fa-solid-900.svg]
[somarawellness.com/wp-content/uploads/2023/10/floral_3.png]
[somarawellness.com/wp-content/uploads/2020/07/shutterstock_568420603.jpg]
[somarawellness.com/wp-content/uploads/2023/10/h10.jpg]
[somarawellness.com/wp-content/uploads/2023/10/placeholder-9.png]
[somarawellness.com/wp-content/uploads/2023/10/h5.jpg]
[somarawellness.com/wp-content/uploads/2023/10/h2.jpg]
[somarawellness.com/wp-content/uploads/2023/10/line-footer.png]
[somarawellness.com/wp-content/uploads/elementor/css/post-85d03.css]
[somarawellness.com/wp-content/plugins/header-footer-elementor/inc/widgets-css/frontend88a1.css]
[somarawellness.com/wp-content/plugins/rometheme-for-elementor/widgets/assets/css/offcanvasc412.css]
[somarawellness.com/wp-content/plugins/rometheme-for-elementor/widgets/assets/css/navmenuc412.css]
[somarawellness.com/wp-content/plugins/rometheme-for-elementor/widgets/assets/css/headerinfoc412.css]
[somarawellness.com/wp-content/plugins/rometheme-for-elementor/widgets/assets/css/rkit-navmenuc412.css]
[somarawellness.com/wp-content/plugins/rometheme-for-elementor/widgets/assets/css/searchc412.css]
[somarawellness.com/wp-content/plugins/rometheme-for-elementor/widgets/assets/css/rkit-blog-postc412.css]
[somarawellness.com/wp-content/plugins/rometheme-for-elementor/widgets/assets/css/ctac412.css]
[somarawellness.com/wp-content/plugins/rometheme-for-elementor/widgets/assets/css/blockquotec412.css]
[somarawellness.com/wp-content/plugins/rometheme-for-elementor/widgets/assets/css/social_sharec412.css]
[somarawellness.com/wp-content/plugins/rometheme-for-elementor/widgets/assets/css/rkit_teamc412.css]
[somarawellness.com/wp-content/plugins/rometheme-for-elementor/widgets/assets/css/running_textc412.css]
[somarawellness.com/wp-content/plugins/rometheme-for-elementor/widgets/assets/css/animated_headingc412.css]
[somarawellness.com/wp-content/plugins/rometheme-for-elementor/widgets/assets/css/card_sliderc412.css]
[somarawellness.com/wp-content/plugins/rometheme-for-elementor/widgets/assets/css/accordionc412.css]
[somarawellness.com/wp-content/plugins/rometheme-for-elementor/widgets/assets/css/testimonial_carouselc412.css]
[somarawellness.com/wp-content/plugins/rometheme-for-elementor/widgets/assets/css/tabsc412.css]
[somarawellness.com/wp-content/plugins/rometheme-for-elementor/widgets/assets/css/progress-barc412.css]
[somarawellness.com/wp-content/plugins/rometheme-for-elementor/widgets/assets/css/counterc412.css]
[somarawellness.com/wp-content/plugins/rometheme-for-elementor/assets/fonts/rtm-icond02b.woff]
[somarawellness.com/wp-content/plugins/rometheme-for-elementor/assets/css/stylec412.css]
[somarawellness.com/wp-content/plugins/rometheme-for-elementor/assets/css/rkitc412.css]
[somarawellness.com/wp-content/plugins/romethemeform/widgets/assets/css/rtform_textadc6.css]
[somarawellness.com/wp-content/plugins/romethemeform/widgets/assets/css/rformadc6.css]
[somarawellness.com/wp-content/plugins/romethemeform/widgets/assets/css/spinner-loadingadc6.css]
[somarawellness.com/wp-content/plugins/romethemeform/widgets/assets/css/rform-buttonadc6.css]
[somarawellness.com/wp-content/plugins/romethemeform/widgets/assets/css/rform-selectadc6.css]
[somarawellness.com/wp-content/plugins/romethemeform/widgets/assets/css/rform-radiobuttonadc6.css]
[somarawellness.com/wp-content/plugins/romethemeform/widgets/assets/css/rform-checkboxadc6.css]
[somarawellness.com/wp-content/plugins/metform/public/assets/css/text-editoraf6c.css]
[somarawellness.com/wp-content/plugins/dethemekit-for-elementor/assets/fonts/Simple-Line-Iconsb26c.woff2]
[somarawellness.com/wp-content/plugins/dethemekit-for-elementor/assets/fonts/Simple-Line-Iconsb26c.ttf]
[somarawellness.com/wp-content/plugins/dethemekit-for-elementor/assets/fonts/Simple-Line-Iconsb26c.eot]
[somarawellness.com/wp-content/plugins/dethemekit-for-elementor/assets/fonts/Simple-Line-Iconsb26c.woff]
[somarawellness.com/wp-content/plugins/dethemekit-for-elementor/assets/css/simple-line-icons4c56.css]
[somarawellness.com/wp-content/plugins/dethemekit-for-elementor/assets/css/htflexboxgrid4c56.css]
[somarawellness.com/wp-content/plugins/dethemekit-for-elementor/assets/css/slick4c56.css]
[somarawellness.com/wp-content/plugins/dethemekit-for-elementor/assets/css/dethemekit-widgets4c56.css]
[somarawellness.com/wp-content/plugins/dethemekit-for-elementor/assets/css/dethemekit-de-carousel4c56.css]
[somarawellness.com/wp-content/uploads/elementor/css/post-6974f7e1.css]
[somarawellness.com/wp-content/uploads/elementor/css/post-51504554.css]
[somarawellness.com/wp-content/plugins/dethemekit-for-elementor/assets/fonts/Simple-Line-Iconsb26c.svg]
[somarawellness.com/wp-content/plugins/elementskit-lite/modules/elementskit-icon-pack/assets/fonts/elementskit97ac.woff]
[somarawellness.com/wp-content/plugins/elementskit-lite/modules/elementskit-icon-pack/assets/css/ekiticonsab7d.css]
[somarawellness.com/wp-content/plugins/elementor/assets/lib/font-awesome/fonts/fontawesome-webfont3e6e.eot]
[somarawellness.com/wp-content/plugins/elementor/assets/lib/font-awesome/fonts/fontawesome-webfontd41d.eot]
[somarawellness.com/wp-content/plugins/elementor/assets/lib/font-awesome/fonts/fontawesome-webfont3e6e.woff2]
[somarawellness.com/wp-content/plugins/elementor/assets/lib/font-awesome/fonts/fontawesome-webfont3e6e.woff]
[somarawellness.com/wp-content/plugins/elementor/assets/lib/font-awesome/css/font-awesome.min1849.css]
[somarawellness.com/wp-content/themes/customify/style.min3969.css]
[somarawellness.com/wp-content/plugins/elementor/assets/lib/font-awesome/fonts/fontawesome-webfont3e6e.svg]
[somarawellness.com/wp-content/plugins/elementor/assets/lib/font-awesome/fonts/fontawesome-webfont3e6e.ttf]
[somarawellness.com/wp-content/plugins/elementskit-lite/widgets/init/assets/img/arrow.png]
[somarawellness.com/wp-content/plugins/elementskit-lite/widgets/init/assets/img/sort_asc.png]
[somarawellness.com/wp-content/plugins/elementskit-lite/widgets/init/assets/img/sort_desc.png]
[somarawellness.com/wp-content/plugins/elementskit-lite/widgets/init/assets/img/sort_asc_disabled.png]
[somarawellness.com/wp-content/plugins/elementskit-lite/widgets/init/assets/css/widget-stylesab7d.css]
[somarawellness.com/wp-content/plugins/elementskit-lite/widgets/init/assets/css/responsiveab7d.css]
[somarawellness.com/wp-content/plugins/essential-addons-for-elementor-lite/assets/front-end/css/view/general.min2b6f.css]
[somarawellness.com/wp-content/plugins/dethemekit-for-elementor/assets/css/de_loop/ecs-style4c56.css]
[somarawellness.com/wp-content/plugins/bookingpress-appointment-booking/css/fonts/element-icons.woff2]
[somarawellness.com/wp-content/plugins/bookingpress-appointment-booking/css/bookingpress_element_theme08cc.css]
[somarawellness.com/wp-content/plugins/bookingpress-appointment-booking/css/fonts/poppins/Poppins-Regular.woff2]
[somarawellness.com/wp-content/plugins/bookingpress-appointment-booking/css/fonts/poppins/Poppins-Medium.woff2]
[somarawellness.com/wp-content/plugins/bookingpress-appointment-booking/css/fonts/poppins/Poppins-SemiBold.woff2]
[somarawellness.com/wp-content/plugins/bookingpress-appointment-booking/css/fonts/poppins/Poppins-Bold.woff2]
[somarawellness.com/wp-content/plugins/bookingpress-appointment-booking/css/fonts/fonts08cc.css]
[somarawellness.com/wp-content/plugins/bookingpress-appointment-booking/css/bookingpress_front08cc.css]
[somarawellness.com/wp-content/plugins/bookingpress-custom-service-duration/css/bookingpress-custom-service-duration-frontf24c.css]
[somarawellness.com/wp-content/plugins/bookingpress-appointment-booking-pro/css/bookingpress_pro_front6aec.css]
[somarawellness.com/wp-content/uploads/bookingpress/bookingpress_front_custom_648b1beda229508cc.css]
[somarawellness.com/wp-content/uploads/bookingpress/bookingpress_front_mybookings_custom_648b1beda229508cc.css]
[somarawellness.com/wp-content/plugins/elementor/assets/lib/font-awesome/css/fontawesome.min52d5.css]
[somarawellness.com/wp-content/plugins/elementor/assets/lib/font-awesome/css/solid.min52d5.css]
[somarawellness.com/wp-content/plugins/dethemekit-for-elementor/modules/controls/assets/css/fonts/dticon774c.eot]
[somarawellness.com/wp-content/plugins/dethemekit-for-elementor/modules/controls/assets/fonts/dticon774c.ttf]
[somarawellness.com/wp-content/plugins/dethemekit-for-elementor/modules/controls/assets/css/fonts/dticon774c.woff]
[somarawellness.com/wp-content/plugins/dethemekit-for-elementor/modules/controls/assets/css/fonts/dticon774c.svg]
[somarawellness.com/wp-content/plugins/dethemekit-for-elementor/modules/controls/assets/css/dticonad76.css]
[somarawellness.com/wp-includes/js/dist/vendor/wp-polyfill-inert.min0226.js]
[somarawellness.com/wp-includes/js/dist/vendor/regenerator-runtime.min6c85.js]
[somarawellness.com/wp-includes/js/dist/vendor/wp-polyfill.min2c7c.js]
[somarawellness.com/wp-includes/js/dist/hooks.min2757.js]
[somarawellness.com/wp-content/plugins/rometheme-for-elementor/widgets/assets/js/offcanvasadc6.js]
[somarawellness.com/wp-content/plugins/rometheme-for-elementor/widgets/assets/js/navmenuadc6.js]
[somarawellness.com/wp-content/plugins/dethemekit-for-elementor/assets/js/jquery-1.12.4-wpadc6.js]
[somarawellness.com/wp-content/plugins/rometheme-for-elementor/widgets/assets/js/card_sliderc412.js]
[somarawellness.com/wp-content/plugins/rometheme-for-elementor/widgets/assets/js/animated_headingc412.js]
[somarawellness.com/wp-content/plugins/rometheme-for-elementor/widgets/assets/js/accordionc412.js]
[somarawellness.com/wp-content/plugins/rometheme-for-elementor/widgets/assets/js/bar_chartc412.js]
[somarawellness.com/wp-content/plugins/rometheme-for-elementor/widgets/assets/js/line_chartc412.js]
[somarawellness.com/wp-content/plugins/rometheme-for-elementor/widgets/assets/js/pie_chartc412.js]
[somarawellness.com/wp-content/plugins/romethemeform/widgets/assets/js/rtform_textc64e.js]
[somarawellness.com/wp-content/plugins/romethemeform/widgets/assets/js/rform_selectc64e.js]
[somarawellness.com/wp-content/plugins/romethemeform/widgets/assets/js/rformc64e.js]
[somarawellness.com/wp-content/plugins/dethemekit-for-elementor/assets/js/jquery-migrate-1.4.1-wpadc6.js]
[somarawellness.com/wp-content/plugins/elementor/assets/lib/font-awesome/js/v4-shims.minafc7.js]
[somarawellness.com/wp-content/plugins/sticky-header-effects-for-elementor/assets/js/she-header544c.js]
[somarawellness.com/wp-content/plugins/dethemekit-for-elementor/assets/js/de_loop/ecs_ajax_pagination4c56.js]
[somarawellness.com/wp-content/plugins/dethemekit-for-elementor/assets/js/de_loop/ecs4c56.js]
[somarawellness.com/Trident/index.html]
[somarawellness.com/POST]
[somarawellness.com/b.resolvedLink]
[somarawellness.com/schema.org/index.html]
[somarawellness.com/signals/iwl.js]
[connect.facebook.net/en_US/fbevents2f15.js]
[somarawellness.com/wp-content/uploads/2023/10/spa-therapy-by-candlelight-1024x683.jpg]
[somarawellness.com/wp-content/uploads/elementor/css/post-6779c5be.css]
[somarawellness.com/wp-content/plugins/elementor/assets/lib/font-awesome/css/regular.min52d5.css]
[somarawellness.com/wp-content/plugins/jeg-elementor-kit/assets/fonts/jkiticon/jkiticon61da.css]
[somarawellness.com/wp-content/plugins/elementor/assets/lib/font-awesome/css/brands.min52d5.css]
[somarawellness.com/wp-json/wp/v2/pages/6779.json]
[somarawellness.com/wp-json/oembed/1.0/embedbe99.json]
[somarawellness.com/wp-json/oembed/1.0/embedf4c9]
[somarawellness.com/wp-content/uploads/2023/10/handsome-man-having-massage-in-spa-salon-1024x683.jpg]
[somarawellness.com/wp-content/uploads/2023/10/massage-1024x683.jpg]
[somarawellness.com/wp-content/uploads/2023/10/portrait-of-smiling-young-woman-bathing-and-taking-care-of-her-body-at-spa-resort-1024x639.jpg]
[somarawellness.com/wp-content/uploads/2023/10/relaxed-young-couple-having-massage-in-spa-center-1024x683.jpg]
[somarawellness.com/wp-content/uploads/2023/10/essential-sage-oil-for-aromatherapy-1024x683.jpg]
[somarawellness.com/wp-content/uploads/2023/10/Untitled-design-1-e1697343383683-150x150.png]
[somarawellness.com/wp-content/plugins/elementor-pro/assets/lib/smartmenus/jquery.smartmenus.minf269.js]
[somarawellness.com/aromatherapy-massage-2/index.html]
[somarawellness.com/wp-content/uploads/2023/10/e1.png]
[somarawellness.com/wp-content/uploads/elementor/css/post-703685ae.css]
[somarawellness.com/wp-json/wp/v2/pages/7036.json]
[somarawellness.com/wp-json/oembed/1.0/embed6d31.json]
[somarawellness.com/wp-json/oembed/1.0/embed1cfb]
[somarawellness.com/wp-content/uploads/2023/10/relaxing-spa-massage-1024x683.jpg]
[somarawellness.com/wp-content/uploads/2023/10/woman-having-head-massage-at-spa-1024x683.jpg]
[somarawellness.com/wp-content/uploads/2023/10/massage-therapist-searching-for-bugs-foot-massage-in-spa-salon-1024x715.jpg]
[somarawellness.com/wp-content/uploads/2023/10/sports-massage-therapist-working-with-shoulders-1024x683.jpg]
[somarawellness.com/wp-content/uploads/2023/10/women-making-facial-massage-in-the-spa-1024x683.jpg]
[somarawellness.com/balinese-massage-2/index.html]
[somarawellness.com/wp-content/uploads/2023/10/woman-relaxing-and-having-massage-at-spa-salon-and-looking-at-camera-1024x683.jpg]
[somarawellness.com/wp-content/uploads/elementor/css/post-7054c7fe.css]
[somarawellness.com/wp-json/wp/v2/pages/7054.json]
[somarawellness.com/wp-json/oembed/1.0/embed8496.json]
[somarawellness.com/wp-json/oembed/1.0/embed05bb]
[somarawellness.com/wp-content/uploads/2023/10/deep-tissue-massage-1024x683.jpg]
[somarawellness.com/wp-content/uploads/2023/10/deep-tissue-feet-massage-1024x683.jpg]
[somarawellness.com/wp-content/uploads/2023/10/spa-therapist-applying-deep-pressure-1024x683.jpg]
[somarawellness.com/wp-content/uploads/2023/10/woman-having-foot-reflexology-massage-in-salon-1024x683.jpg]
[somarawellness.com/wp-content/uploads/2023/10/spa-wellness-massage-and-relax-couple-at-luxury-beauty-salon-for-body-healthcare-facial-treatment-1024x683.jpg]
[somarawellness.com/wp-content/uploads/2023/10/attractive-young-woman-in-bathrobe-drinking-herbal-tea-and-looking-away-in-spa-1024x683.jpg]
[somarawellness.com/deep-tissue-massage-2/index.html]
[somarawellness.com/wp-content/uploads/elementor/css/post-7023dd99.css]
[somarawellness.com/wp-json/wp/v2/pages/7023.json]
[somarawellness.com/wp-json/oembed/1.0/embeda2d6.json]
[somarawellness.com/wp-json/oembed/1.0/embed92d9]
[somarawellness.com/wp-content/uploads/2019/01/woman-in-wrapped-in-white-towel-lying-on-bed-with-eyes-3757942-1024x682.jpg]
[somarawellness.com/wp-content/uploads/2020/06/23-1-768x576.png]
[somarawellness.com/wp-content/uploads/2023/10/spa-salon-1024x683.jpg]
[somarawellness.com/wp-content/uploads/2023/10/reflexology-foot-massage-1024x682.jpg]
[somarawellness.com/wp-content/uploads/2023/10/relax-man-head-massage-and-couple-on-spa-massage-table-for-facial-wellness-and-stress-relief-ther-1024x611.jpg]
[somarawellness.com/wp-content/uploads/2019/01/photo-of-woman-looking-at-the-mirror-774866-768x512.jpg]
[somarawellness.com/swedish-massage-2/index.html]
[somarawellness.com/wp-content/uploads/2022/06/young-man-spa-treatment-recreation-rest-relaxation-massage-hygh-angle-view-scaled.jpg]
[somarawellness.com/wp-content/uploads/elementor/css/post-50579603.css]
[somarawellness.com/wp-content/uploads/elementor/css/post-4329ce60.css]
[somarawellness.com/wp-json/wp/v2/pages/5057.json]
[somarawellness.com/wp-json/oembed/1.0/embedc522.json]
[somarawellness.com/wp-json/oembed/1.0/embed9c5c]
[somarawellness.com/wp-content/uploads/2023/10/Somara-Logo-e1696798875347-300x80.png]
[somarawellness.com/wp-content/uploads/2020/06/23-1.png]
[somarawellness.com/reflexology-spa-treatment-in-banjara-hills-hyderabad/index.html]
[somarawellness.com/wp-content/plugins/elementor-pro/assets/lib/sticky/jquery.sticky.min5829.js]
[somarawellness.com/wp-content/uploads/2022/06/HqxIAudnS89y3lZxNVLJ0noB6Qm9VOjUeHNWY4KDH_7Asj4XDzpJlSQUzv3RvM8CwXMD4LM1xMXpaFu2NvHGB7EeFsKMCM6ow2AAnoeN1uh3O2yD4oWGNvjXQo3Mk4lztrPmM_p2uMzYGXJhIT15JpGkMqQ0k3oD5mxpkUcAtI0WvW]
[somarawellness.com/wp-content/uploads/2020/05/8-1.png]
[somarawellness.com/wp-content/uploads/2022/06/IBIfqyTIfY2ICaaNtfc_4sGNBB6IKgb56cR39LD70XxqIYVlhvi6nJYryTFn6dSMET08Qu5TId_kk5TitIY3uX2jbBNuV5mIHwyQFcqBZngoc33NPFEjyU18k5vQCmVd_uir2z6sg8plTAGVy1K5V1osoUoSoW2xNB6OrQQv2n1hCj]
[somarawellness.com/wp-content/uploads/elementor/css/post-5856235e.css]
[somarawellness.com/wp-json/wp/v2/pages/5856.json]
[somarawellness.com/wp-json/oembed/1.0/embed4819.json]
[somarawellness.com/wp-json/oembed/1.0/embedd64b]
[somarawellness.com/wp-content/uploads/2023/10/ornament3.png]
[somarawellness.com/wp-content/uploads/2023/10/ornament2.png]
[somarawellness.com/wp-content/uploads/elementor/thumbs/services-image1-qdl51cxk4k3jgyxn04y7xr5hdc7qc065byqkbrfaog.jpg]
[somarawellness.com/wp-content/uploads/elementor/thumbs/services-background-e1607977186454-qdl51ushqerzlk7p3uo4r4n8nnrpe951qf4sg0ote8.jpg]
[somarawellness.com/wp-content/uploads/elementor/thumbs/history_gallery3-qdl520fivezpj7zi6x3w63807yzwofrfr71pboggcw.jpg]
[somarawellness.com/wp-content/uploads/elementor/thumbs/history_gallery2-qdl5262k0f7fgvrb9zjnl1srsa83ymdtryym7c83bk.jpg]
[somarawellness.com/wp-content/uploads/elementor/thumbs/history_gallery1-qdl52bpl5ff5ejj4d1zf00djclgb8t07sqvj2zzqa8.jpg]
[somarawellness.com/wp-content/uploads/elementor/thumbs/History3-qdl52iagh9o5nt9kamtszgpriajvqoqc5nfxfxpz2o.jpg]
[somarawellness.com/wp-content/uploads/elementor/thumbs/History2-e1607022561901-qdl52nxhm9vvlh1ddp9kefaj2ls30vcq6fcublhm1c.jpg]
[somarawellness.com/wp-content/uploads/elementor/thumbs/Home7-qdl52tkira3lj4t6grpbtdvamx0ab1z4779r799900.jpg]
[somarawellness.com/wp-content/uploads/elementor/thumbs/Home6-qdl5305e34clsejmecjpsu7ism3usxp8k3u5k6zhsg.jpg]
[somarawellness.com/wp-content/uploads/elementor/thumbs/services1-qdl534ul1aj1egcsmwkunb0trjgovf7w8r3kyksixc.jpg]
[somarawellness.com/wp-content/uploads/elementor/thumbs/services-qdl53ahm6aqrc44lpz0m29llbuow5lua9j0hu8k5w0.jpg]
[somarawellness.com/facials/index.html]
[somarawellness.com/wp-content/uploads/elementor/css/post-586883c6.css]
[somarawellness.com/wp-json/wp/v2/pages/5868.json]
[somarawellness.com/wp-json/oembed/1.0/embedea45.json]
[somarawellness.com/body-scrubs/index.html]
[somarawellness.com/wp-json/oembed/1.0/embed31be]
[somarawellness.com/wp-content/uploads/2020/05/11.png]
[somarawellness.com/wp-content/uploads/elementor/css/post-3892ed63.css]
[somarawellness.com/wp-json/wp/v2/pages/3892.json]
[somarawellness.com/wp-json/oembed/1.0/embed97f9.json]
[somarawellness.com/wp-json/oembed/1.0/embedd43a]
[somarawellness.com/wp-content/uploads/2020/05/13-1.png]
[somarawellness.com/wp-content/uploads/2020/05/26.png]
[somarawellness.com/lakdi-ka-pul-outlet/index.html]
[somarawellness.com/wp-content/uploads/2020/06/20-1.png]
[somarawellness.com/wp-content/uploads/elementor/css/post-5198a392.css]
[somarawellness.com/wp-json/wp/v2/pages/5198.json]
[somarawellness.com/wp-json/oembed/1.0/embedbad7.json]
[somarawellness.com/wp-json/oembed/1.0/embed5156]
[somarawellness.com/wp-content/uploads/2019/01/shutterstock_140523586.jpg]
[somarawellness.com/wp-content/uploads/2020/04/welcome6.jpg]
[somarawellness.com/wp-content/uploads/2020/05/17-1.png]
[somarawellness.com/mercure-hotel-banjara-hills/index.html]
[somarawellness.com/wp-content/uploads/2020/05/6-2.png]
[somarawellness.com/wp-content/uploads/elementor/css/post-4938828b.css]
[somarawellness.com/wp-json/wp/v2/pages/4938.json]
[somarawellness.com/wp-json/oembed/1.0/embede7fa.json]
[somarawellness.com/mla-colony/index.html]
[somarawellness.com/wp-json/oembed/1.0/embede306]
[somarawellness.com/wp-content/uploads/2020/05/14.png]
[somarawellness.com/wp-content/uploads/elementor/css/post-3895ab98.css]
[somarawellness.com/wp-json/wp/v2/pages/3895.json]
[somarawellness.com/wp-json/oembed/1.0/embed7a4f.json]
[somarawellness.com/wp-json/oembed/1.0/embed1a9b]
[somarawellness.com/wp-content/uploads/2020/05/23-1-e1589898789926.png]
[somarawellness.com/wp-content/uploads/2020/05/21.png]
[somarawellness.com/somajiguda-outlet/index.html]
[somarawellness.com/wp-content/uploads/2020/04/484564_PR126__SI__22_05_14_45-m-300x300.png]
[somarawellness.com/wp-content/uploads/elementor/css/post-4412af09.css]
[somarawellness.com/wp-json/wp/v2/pages/4412.json]
[somarawellness.com/wp-json/oembed/1.0/embed859a.json]
[somarawellness.com/blog-page/index.html]
[somarawellness.com/wp-json/oembed/1.0/embed9004]
[somarawellness.com/wp-content/uploads/elementor/css/post-3847798f.css]
[somarawellness.com/wp-json/wp/v2/pages/3847.json]
[somarawellness.com/wp-json/oembed/1.0/embed0e1b.json]
[somarawellness.com/wp-json/oembed/1.0/embed003d]
[somarawellness.com/wp-content/plugins/elementor/assets/lib/jquery-numerator/jquery-numerator.min3958.js]
[somarawellness.com/about-somara/index.html]
[somarawellness.com/wp-json/wp/v2/pages/6013.json]
[somarawellness.com/book-appointment/feed/index.html]
[somarawellness.com/wp-json/oembed/1.0/embed862d.json]
[somarawellness.com/wp-json/oembed/1.0/embedbfd8]
[somarawellness.com/xmlrpc.php]
[somarawellness.com/wp-includes/js/comment-reply.minadc6.js]
[www.google.com/recaptcha/api71e2.js]
[somarawellness.com/book-appointment/index.html]
[somarawellness.com/_data_image/svg+xml,_svg xmlns='http_/www.w3.org/2000/svg' preserveAspectRatio='none' overflow='visible' height='100%' viewBox='0 0 20 16' fill='none' stroke='black' stroke-width='2' stroke-linecap='sq]
[somarawellness.com/indexadec.html]
[somarawellness.com/book-appointment/0/index.html]
[somarawellness.com/_data_image/svg+xml,_svg xmlns=http_/www.w3.org/2000/svg preserveAspectRatio=none overflow=visible height=100% viewBox=0 0 20 16 fill=none stroke=black stroke-width=2 stroke-linecap=square stroke-miter]
[somarawellness.com/wp-content/uploads/elementor/css/post-56379edd.css]
[somarawellness.com/wp-json/wp/v2/posts/5637.json]
[somarawellness.com/wp-json/oembed/1.0/embedceeb.json]
[somarawellness.com/wp-json/oembed/1.0/embedf6b4]
[somarawellness.com/wp-content/uploads/2020/03/shutterstock_132451397.jpg]
[somarawellness.com/wp-content/uploads/2022/07/shutterstock_160978433.jpg]
[somarawellness.com/healthy-way-of-life-with-somara/index.html]
[somarawellness.com/author/saurabhgmbagmail-com/index.html]
[somarawellness.com/category/posts/feed/index.html]
[somarawellness.com/wp-json/wp/v2/categories/165.json]
[somarawellness.com/wp-content/uploads/2020/04/484564_PR126__SI__22_05_14_45-m-276x300.png]
[somarawellness.com/wp-content/uploads/2020/07/shutterstock_481531714-300x200.jpg]
[somarawellness.com/wp-content/uploads/2020/06/28-300x225.png]
[somarawellness.com/wp-content/uploads/2020/06/22-300x134.png]
[somarawellness.com/wp-content/uploads/2020/05/23-2-300x200.png]
[somarawellness.com/wp-login.html]
[somarawellness.com/spa-its-evolution-and-somara/index.html]
[somarawellness.com/everything-you-need-to-know-about-a-spa-session/index.html]
[somarawellness.com/2020/07/index.html]
[somarawellness.com/2022/07/index.html]
[somarawellness.com/2020/06/index.html]
[somarawellness.com/2020/05/index.html]
[somarawellness.com/wp-content/uploads/elementor/css/post-44019edd.css]
[somarawellness.com/category/posts/index.html]
[somarawellness.com/wp-json/wp/v2/posts/4822.json]
[somarawellness.com/wp-json/oembed/1.0/embedae3b.json]
[somarawellness.com/wp-json/oembed/1.0/embed6f4c]
[somarawellness.com/wp-content/uploads/2020/07/shutterstock_337177016.jpg]
[somarawellness.com/wp-content/uploads/2020/07/shutterstock_308860676.jpg]
[somarawellness.com/wp-content/uploads/2020/07/shutterstock_345961157.jpg]
[somarawellness.com/having-a-headache-spa-at-somara-is-what-you-need/index.html]
[somarawellness.com/wp-json/wp/v2/posts/4781.json]
[somarawellness.com/wp-json/oembed/1.0/embed9a82.json]
[somarawellness.com/wp-json/oembed/1.0/embeda5e7]
[somarawellness.com/wp-content/uploads/2020/06/3.png]
[somarawellness.com/spa-an-experience/index.html]
[somarawellness.com/wp-content/uploads/2020/03/2.png]
[somarawellness.com/wp-content/uploads/elementor/css/post-3902fb33.css]
[somarawellness.com/wp-json/wp/v2/pages/3902.json]
[somarawellness.com/wp-json/oembed/1.0/embedc85e.json]
[somarawellness.com/careers/index.html]
[somarawellness.com/wp-json/oembed/1.0/embed49ff]
[somarawellness.com/wp-content/uploads/elementor/css/post-38785fd5.css]
[somarawellness.com/wp-json/wp/v2/pages/3878.json]
[somarawellness.com/wp-json/oembed/1.0/embed2bb9.json]
[somarawellness.com/corporate-wellness/index.html]
[somarawellness.com/wp-content/plugins/jeg-elementor-kit/lib/jeg-framework/assets/css/jeg-dynamic-styles6f3e.css]
[somarawellness.com/wp-json/oembed/1.0/embed222a]
[somarawellness.com/wp-content/plugins/elementor/assets/lib/animations/animations.minafc7.css]
[somarawellness.com/wp-content/plugins/woocommerce/assets/css/photoswipe/default-skin/default-skin.png]
[somarawellness.com/wp-content/plugins/woocommerce/assets/css/photoswipe/photoswipe.min12c8.css]
[somarawellness.com/wp-content/plugins/woocommerce/assets/css/photoswipe/default-skin/default-skin.svg]
[somarawellness.com/wp-content/plugins/woocommerce/assets/css/photoswipe/default-skin/preloader.gif]
[somarawellness.com/wp-content/plugins/woocommerce/assets/css/photoswipe/default-skin/default-skin.min12c8.css]
[somarawellness.com/wp-content/plugins/rometheme-for-elementor/widgets/assets/js/rkit-navmenuc412.js]
[somarawellness.com/wp-content/plugins/rometheme-for-elementor/widgets/assets/js/social_sharec412.js]
[somarawellness.com/wp-content/plugins/rometheme-for-elementor/widgets/assets/js/running_textc412.js]
[somarawellness.com/Version/index.html]
[somarawellness.com/t.params.url]
[somarawellness.com/wp-content/plugins/rometheme-for-elementor/widgets/assets/js/swiper-bundle.minc412.js]
[somarawellness.com/wp-content/plugins/rometheme-for-elementor/widgets/assets/js/testimonial_carouselc412.js]
[somarawellness.com/wp-content/plugins/rometheme-for-elementor/widgets/assets/js/tabsc412.js]
[somarawellness.com/wp-content/plugins/rometheme-for-elementor/widgets/assets/js/progressc412.js]
[somarawellness.com/wp-content/plugins/rometheme-for-elementor/widgets/assets/js/counterc412.js]
[somarawellness.com/wp-content/plugins/booking-for-woocommerce/assets/js/frontbfce.js]
[www.google.com/recaptcha/apifa77.js]
[www.google.com/recaptcha/apicc72.js]
[somarawellness.com/wp-content/plugins/chaty/js/cht-front-scriptcc85.js]
[somarawellness.com/wp-content/plugins/contact-form-7/includes/swv/js/indexf658.js]
[somarawellness.com/wp-content/plugins/contact-form-7/includes/js/indexf658.js]
[somarawellness.com/wp-content/plugins/mystickymenu/js/morphext/morphext.min72e6.js]
[somarawellness.com/wp-content/plugins/mystickymenu/js/welcomebar-front72e6.js]
[somarawellness.com/wp-content/plugins/mystickymenu/js/detectmobilebrowser72e6.js]
[somarawellness.com/wp-content/plugins/mystickymenu/js/mystickymenu.min72e6.js]
[somarawellness.com/wp-content/plugins/nk-progress-counter-block/js/progress-blockadc6.js]
[somarawellness.com/wp-content/plugins/woocommerce/assets/js/jquery-blockui/jquery.blockUI.minf111.js]
[somarawellness.com/wp-content/plugins/woocommerce/assets/js/frontend/add-to-cart.min12c8.js]
[somarawellness.com/wp-content/plugins/woocommerce/assets/js/js-cookie/js.cookie.min956a.js]
[somarawellness.com/wp-content/plugins/woocommerce/assets/js/frontend/woocommerce.min12c8.js]
[somarawellness.com/wp-content/plugins/elementskit-lite/libs/framework/assets/js/frontend-scriptab7d.js]
[somarawellness.com/wp-content/plugins/elementskit-lite/widgets/init/assets/js/widget-scriptsab7d.js]
[somarawellness.com/wp-content/themes/customify/assets/js/theme.min3969.js]
[somarawellness.com/wp-content/themes/customify/assets/js/compatibility/woocommerce.min3969.js]
[somarawellness.com/wp-content/plugins/elementor/assets/js/webpack.runtime.minafc7.js]
[somarawellness.com/wp-content/plugins/elementor/assets/js/frontend-modules.minafc7.js]
[somarawellness.com/wp-content/plugins/elementor/assets/lib/waypoints/waypoints.min05da.js]
[somarawellness.com/wp-includes/js/jquery/ui/core.min3f14.js]
[somarawellness.com/thank-you/index.html]
[somarawellness.com/-negative.1c5.delayed]
[somarawellness.com/wp-content/plugins/elementor/assets/js/frontend.minafc7.js]
[somarawellness.com/indexe2f2.html]
[somarawellness.com/wp-content/plugins/jeg-elementor-kit/assets/js/elements/sticky-element61da.js]
[somarawellness.com/wp-content/plugins/essential-addons-for-elementor-lite/assets/front-end/js/view/general.min2b6f.js]
[somarawellness.com/wp-content/plugins/header-footer-elementor/inc/js/frontend88a1.js]
[somarawellness.com/wp-content/plugins/bookingpress-appointment-booking/js/bookingpress_vue.min08cc.js]
[somarawellness.com/wp-content/plugins/bookingpress-appointment-booking/js/bookingpress_axios.min08cc.js]
[somarawellness.com/wp-content/plugins/bookingpress-appointment-booking/js/bookingpress_wordpress_vue_qs_helper08cc.js]
[somarawellness.com/edge/index.html]
[somarawellness.com/OPR/index.html]
[somarawellness.com/post.1c6.delayed]
[somarawellness.com/wp-content/plugins/bookingpress-appointment-booking/js/bookingpress_element08cc.js]
[somarawellness.com/wp-content/plugins/bookingpress-appointment-booking/js/bookingpress_moment.min08cc.js]
[somarawellness.com/wp-content/plugins/bookingpress-appointment-booking/js/bookingpress_v-calendar08cc.js]
[somarawellness.com/wp-content/plugins/bookingpress-appointment-booking/js/bookingpress_element_en08cc.js]
[somarawellness.com/wp-content/plugins/dethemekit-for-elementor/assets/js/lib/ResizeSensor.min7d4c.js]
[somarawellness.com/wp-content/plugins/dethemekit-for-elementor/assets/js/lib/sticky-sidebar/sticky-sidebar.min3d36.js]
[somarawellness.com/wp-content/plugins/dethemekit-for-elementor/assets/js/lib/jsticky/jquery.jstickyf488.js]
[somarawellness.com/wp-content/plugins/elementor-pro/assets/js/webpack-pro.runtime.min5829.js]
[somarawellness.com/wp-includes/js/dist/i18n.minc33c.js]
[somarawellness.com/wp-content/plugins/elementor-pro/assets/js/frontend.min5829.js]
[somarawellness.com/dist/index.html]
[somarawellness.com/window.location.href]
[somarawellness.com/wp-content/plugins/elementor-pro/assets/js/elements-handlers.min5829.js]
[somarawellness.com/wp-content/plugins/dethemekit-for-elementor/assets/js/de-sticky-frontend4c56.js]
[somarawellness.com/wp-content/plugins/dethemekit-for-elementor/assets/js/de-active-icon-box4c56.js]
[somarawellness.com/wp-content/plugins/dethemekit-for-elementor/assets/js/de-active-column4c56.js]
[somarawellness.com/wp-content/plugins/elementskit-lite/widgets/init/assets/js/animate-circle.minab7d.js]
[somarawellness.com/wp-content/plugins/elementskit-lite/widgets/init/assets/js/elementorab7d.js]
[somarawellness.com/wp-content/plugins/dethemekit-for-elementor/includes/ext/sina/assets/js/anime.minadc6.js]
[somarawellness.com/wp-content/plugins/dethemekit-for-elementor/includes/ext/sina/assets/js/scrollMonitoradc6.js]
[somarawellness.com/wp-content/plugins/dethemekit-for-elementor/includes/ext/sina/assets/js/de_scroll_animation.previewadc6.js]
[somarawellness.com/wp-content/plugins/dethemekit-for-elementor/includes/ext/sina/assets/js/intersectionobserveradc6.js]
[somarawellness.com/wp-content/plugins/dethemekit-for-elementor/includes/ext/sina/assets/js/letter/charming.minadc6.js]
[somarawellness.com/wp-content/plugins/dethemekit-for-elementor/includes/ext/sina/assets/js/letter/lineMakeradc6.js]
[somarawellness.com/wp-content/plugins/dethemekit-for-elementor/includes/ext/sina/assets/js/letter/imagesloaded.pkgd.minadc6.js]
[somarawellness.com/wp-content/plugins/dethemekit-for-elementor/includes/ext/sina/assets/js/letter/textfxadc6.js]
[somarawellness.com/wp-content/plugins/dethemekit-for-elementor/includes/ext/sina/assets/js/mainadc6.js]
[somarawellness.com/wp-content/plugins/dethemekit-for-elementor/includes/ext/sina/assets/js/de_reveal_animation.previewadc6.js]
[somarawellness.com/wp-content/plugins/dethemekit-for-elementor/includes/ext/sina/assets/js/de_staggering/de_staggeringadc6.js]
[somarawellness.com/wp-includes/js/underscore.mind584.js]
[somarawellness.com/wp-includes/js/wp-util.minadc6.js]
[somarawellness.com/wp-content/plugins/wpforms-lite/assets/js/integrations/elementor/frontend.min29af.js]
[somarawellness.com/wp-content/plugins/woocommerce/assets/js/zoom/jquery.zoom.min96ff.js]
[somarawellness.com/wp-content/plugins/woocommerce/assets/js/flexslider/jquery.flexslider.min513c.js]
[somarawellness.com/wp-content/plugins/woocommerce/assets/js/photoswipe/photoswipe.min2420.js]
[somarawellness.com/wp-content/plugins/woocommerce/assets/js/photoswipe/photoswipe-ui-default.min2420.js]
[somarawellness.com/wp-content/plugins/woocommerce/assets/js/frontend/add-to-cart-variation.min12c8.js]
[somarawellness.com/wp-content/plugins/woocommerce/assets/js/frontend/single-product.min12c8.js]
[somarawellness.com/wp-content/plugins/jeg-elementor-kit/assets/img/letter-x.svg]
[somarawellness.com/wp-content/themes/customify/assets/fonts/WooCommerce/star.svg]
[somarawellness.com/wp-content/themes/customify/assets/fonts/WooCommerce/WooCommerce.svg]
[somarawellness.com/wp-content/themes/customify/assets/images/woocommerce/icons/loader.svg]
[somarawellness.com/wp-content/themes/customify/assets/images/icons/credit-cards/visa.html]
[somarawellness.com/wp-content/themes/customify/assets/images/icons/credit-cards/mastercard.html]
[somarawellness.com/wp-content/themes/customify/assets/images/icons/credit-cards/laser.html]
[somarawellness.com/wp-content/themes/customify/assets/images/icons/credit-cards/diners.html]
[somarawellness.com/wp-content/themes/customify/assets/images/icons/credit-cards/maestro.html]
[somarawellness.com/wp-content/themes/customify/assets/images/icons/credit-cards/jcb.html]
[somarawellness.com/wp-content/themes/customify/assets/images/icons/credit-cards/amex.html]
[somarawellness.com/wp-content/themes/customify/assets/images/icons/credit-cards/discover.html]
[somarawellness.com/wp-content/plugins/elementor/assets/lib/eicons/fonts/eicons9506.svg]
[somarawellness.com/wp-content/plugins/elementor/assets/lib/font-awesome/webfonts/fa-brands-400.svg]
[somarawellness.com/wp-content/plugins/elementor/assets/lib/font-awesome/webfonts/fa-regular-400.svg]
[somarawellness.com/wp-content/plugins/elementor/assets/lib/font-awesome/webfonts/fa-solid-900.svg]
[somarawellness.com/wp-content/plugins/dethemekit-for-elementor/assets/fonts/Simple-Line-Iconsb26c.svg]
[somarawellness.com/wp-content/plugins/elementor/assets/lib/font-awesome/fonts/fontawesome-webfont3e6e.svg]
[somarawellness.com/wp-content/plugins/elementskit-lite/widgets/init/assets/img/cross-out.svg]
[somarawellness.com/wp-content/plugins/dethemekit-for-elementor/modules/controls/assets/css/fonts/dticon774c.html]
[somarawellness.com/wp-content/plugins/dethemekit-for-elementor/modules/controls/assets/css/fonts/dticon774c-2.html]
[somarawellness.com/wp-content/plugins/dethemekit-for-elementor/modules/controls/assets/css/fonts/dticon774c-3.html]
[somarawellness.com/Trident/index.html]
[somarawellness.com/POST.html]
[somarawellness.com/schema.org/index.html]
[somarawellness.com/b.html]
[somarawellness.com/signals/iwl.html]
[somarawellness.com/wp-content/uploads/2023/10/Untitled-design-2.png]
[somarawellness.com/wp-content/uploads/2023/10/luxury-interior-of-eco-style-modern-bathroom-with-oval-bathtub-and-book-on-bamboo-wood-tray-768x512.jpg]
[somarawellness.com/wp-content/uploads/2023/10/h9.jpg]
[somarawellness.com/wp-content/uploads/2023/10/h7.jpg]
[somarawellness.com/wp-content/uploads/elementor/css/post-6779c5be.css]
[somarawellness.com/wp-content/plugins/elementor/assets/lib/font-awesome/css/regular.min52d5.css]
[somarawellness.com/wp-content/plugins/jeg-elementor-kit/assets/fonts/jkiticon/jkiticon7107.woff2]
[somarawellness.com/wp-content/plugins/jeg-elementor-kit/assets/fonts/jkiticon/jkiticon7107.woff]
[somarawellness.com/wp-content/plugins/jeg-elementor-kit/assets/fonts/jkiticon/jkiticon61da.css]
[somarawellness.com/wp-content/plugins/elementor/assets/lib/font-awesome/css/brands.min52d5.css]
[somarawellness.com/index32be.html]
[somarawellness.com/wp-content/plugins/elementor-pro/assets/lib/smartmenus/jquery.smartmenus.minf269.js]
[somarawellness.com/wp-content/plugins/jeg-elementor-kit/assets/fonts/jkiticon/jkiticon7107.ttf]
[somarawellness.com/wp-content/uploads/2023/10/massage-therapist-stretching-upper-body-of-female-patient.jpg]
[somarawellness.com/wp-content/uploads/2023/10/h1.jpg]
[somarawellness.com/wp-content/plugins/jeg-elementor-kit/assets/fonts/jkiticon/jkiticon7107.eot]
[somarawellness.com/wp-content/uploads/2023/10/natural-spa-ingredients.jpg]
[somarawellness.com/wp-content/plugins/jeg-elementor-kit/assets/fonts/jkiticon/jkiticon7107.svg]
[somarawellness.com/wp-content/uploads/2023/10/spa-stones-.jpg]
[somarawellness.com/wp-content/uploads/elementor/css/post-703685ae.css]
[somarawellness.com/indexb75e.html]
[somarawellness.com/wp-content/uploads/2020/05/15-2.png]
[somarawellness.com/wp-content/uploads/2023/10/hands-of-a-female-therapist-doing-a-deep-tissue-back-massage-1536x1024.jpg]
[somarawellness.com/wp-content/uploads/2023/10/rustic-sisal-mockup-decorated-with-natural-elements-spa-and-wellness-concept-.jpg]
[somarawellness.com/wp-content/uploads/2023/10/blank-unbranded-cosmetic-cream-jar-standing-on-black-spa-stone-with-plants-skin-care.jpg]
[somarawellness.com/wp-content/uploads/elementor/css/post-7054c7fe.css]
[somarawellness.com/indexd459.html]
[somarawellness.com/wp-content/uploads/2023/04/Untitled-design-4.jpg]
[somarawellness.com/wp-content/uploads/2023/10/spa-background-1024x1024.jpg]
[somarawellness.com/wp-content/uploads/2023/10/empty-ceramic-dishes.jpg]
[somarawellness.com/wp-content/uploads/elementor/css/post-7023dd99.css]
[somarawellness.com/indexcca1.html]
[somarawellness.com/wp-content/uploads/elementor/css/post-50579603.css]
[somarawellness.com/wp-content/uploads/elementor/css/post-4329ce60.css]
[somarawellness.com/index31fa.html]
[somarawellness.com/wp-content/plugins/elementor-pro/assets/lib/sticky/jquery.sticky.min5829.js]
[somarawellness.com/wp-content/uploads/2020/05/12-2.png]
[somarawellness.com/wp-content/uploads/2023/10/Untitled-design.png]
[somarawellness.com/wp-content/uploads/2023/10/spa-composition-with-scattered-sea-salt-and-skin-care-products-copy-space-.jpg]
[somarawellness.com/wp-content/uploads/2019/01/photo-of-woman-looking-at-the-mirror-774866.jpg]
[somarawellness.com/wp-content/uploads/2023/10/young-woman-relaxing-in-spa-swimming-pool.jpg]
[somarawellness.com/wp-content/uploads/2023/10/leaf-1.png]
[somarawellness.com/wp-content/uploads/2023/10/spa-background.jpg]
[somarawellness.com/wp-content/uploads/elementor/css/post-5856235e.css]
[somarawellness.com/indexdd7a.html]
[somarawellness.com/wp-content/uploads/elementor/css/post-586883c6.css]
[somarawellness.com/wp-content/uploads/2023/03/zeHeagx8nrYmMyMEvf0ANBbtm45zSr_ZXxh2om9a3QXZ8zKWMWEoaVowEQlKbtI_HEzxN_eDhvj8E3A63mE2CJp3wlybZ7p6z1KR3GuZKK7HWss156jDc3Yz6Hh9BqQMvcEOEMZRX0iLdQekFN_Boin6PgNO9AtXhHuJoAgcaEdeqR]
[somarawellness.com/indexad19.html]
[somarawellness.com/wp-content/uploads/2020/05/23.png]
[somarawellness.com/wp-content/uploads/elementor/css/post-3892ed63.css]
[somarawellness.com/index0618.html]
[somarawellness.com/wp-content/uploads/elementor/css/post-5198a392.css]
[somarawellness.com/indexcbb2.html]
[somarawellness.com/wp-content/uploads/2020/04/welcome6.html]
[somarawellness.com/wp-content/uploads/2020/04/17.png]
[somarawellness.com/wp-content/uploads/elementor/css/post-4938828b.css]
[somarawellness.com/index04ae.html]
[somarawellness.com/wp-content/uploads/2020/05/11-1-e1697332432515.png]
[somarawellness.com/wp-content/uploads/elementor/css/post-3895ab98.css]
[somarawellness.com/indexb84b.html]
[somarawellness.com/wp-content/uploads/2020/03/blur-burning-candlelight-candles-415582.jpg]
[somarawellness.com/wp-content/uploads/2021/05/Foot-Spa.jpg]
[somarawellness.com/wp-content/uploads/elementor/css/post-4412af09.css]
[somarawellness.com/indexc26d.html]
[somarawellness.com/wp-content/uploads/2020/03/photo-of-a-woman-using-her-smartphone-935759.jpg]
[somarawellness.com/wp-content/uploads/2020/03/white-and-purple-flower-plant-on-brown-wooden-surface-161599.jpg]
[somarawellness.com/wp-content/uploads/2020/04/Pic-Projects.png]
[somarawellness.com/wp-content/uploads/2020/03/Spa-Tray-1.jpg]
[somarawellness.com/wp-content/uploads/elementor/css/post-3847798f.css]
[somarawellness.com/indexa85b.html]
[somarawellness.com/wp-content/plugins/elementor/assets/lib/jquery-numerator/jquery-numerator.min3958.js]
[somarawellness.com/index08f8.html]
[somarawellness.com/xmlrpc.php]
[somarawellness.com/wp-includes/js/comment-reply.minadc6.js]
[somarawellness.com/book-appointment/0/0]
[somarawellness.com/book-appointment/0/1]
[somarawellness.com/book-appointment/0/index.html]
[somarawellness.com/wp-content/uploads/elementor/css/post-4393a083.css]
[somarawellness.com/index7c9c.html]
[somarawellness.com/wp-content/uploads/2020/06/22.png]
[somarawellness.com/wp-content/uploads/2020/05/23-2.png]
[somarawellness.com/indexadec.html]
[somarawellness.com/_data_image/svg+xml,_svg xmlns=http_/www.w3.org/2000/svg preserveAspectRatio=none overflow=visible height=100% viewBox=0 0 20 16 fill=none stroke=black stroke-width=2 stroke-linecap=square stroke-miter]
[somarawellness.com/wp-content/uploads/elementor/css/post-56379edd.css]
[somarawellness.com/index42d2.html]
[somarawellness.com/wp-includes/js/imagesloaded.minbb93.js]
[somarawellness.com/wp-json/wp/v2/posts/4743.json]
[somarawellness.com/wp-json/oembed/1.0/embeded44.json]
[somarawellness.com/wp-json/oembed/1.0/embed2cc2]
[somarawellness.com/wp-content/uploads/2020/06/19-1024x459.png]
[somarawellness.com/wp-content/uploads/2020/06/16.png]
[somarawellness.com/wp-content/uploads/2020/06/23-1024x459.png]
[somarawellness.com/wp-content/uploads/2020/06/20-1024x459.png]
[somarawellness.com/spa-its-evolution-and-somara/index.html]
[somarawellness.com/wp-content/uploads/2020/05/23-2-1024x683.png]
[somarawellness.com/wp-json/wp/v2/posts/4401.json]
[somarawellness.com/wp-json/oembed/1.0/embedceb3.json]
[somarawellness.com/wp-json/oembed/1.0/embedf776]
[somarawellness.com/everything-you-need-to-know-about-a-spa-session/index.html]
[somarawellness.com/2022/07/index.html]
[somarawellness.com/2020/07/index.html]
[somarawellness.com/2020/06/index.html]
[somarawellness.com/2020/05/index.html]
[somarawellness.com/wp-includes/js/jquery/jquery.minf43b.js]
[somarawellness.com/wp-includes/js/jquery/jquery-migrate.min5589.js]
[somarawellness.com/wp-includes/css/dashicons.minadc6.css]
[somarawellness.com/wp-includes/css/buttons.minadc6.css]
[somarawellness.com/wp-admin/css/forms.minadc6.css]
[somarawellness.com/wp-admin/css/l10n.minadc6.css]
[somarawellness.com/wp-admin/css/login.minadc6.css]
[somarawellness.com/wp-includes/js/zxcvbn-async.min5152.js]
[somarawellness.com/my-account/lost-password/index.html]
[somarawellness.com/wp-admin/js/password-strength-meter.minadc6.js]
[somarawellness.com/wp-login.html]
[somarawellness.com/wp-content/uploads/elementor/css/post-44019edd.css]
[somarawellness.com/index2425.html]
[somarawellness.com/index811f.html]
[somarawellness.com/wp-admin/js/user-profile.minadc6.js]
[somarawellness.com/wp-content/uploads/2020/03/11.png]
[somarawellness.com/wp-content/uploads/elementor/css/post-3902fb33.css]
[somarawellness.com/indexa65e.html]
[somarawellness.com/wp-content/uploads/2020/04/snoww.png]
[somarawellness.com/wp-content/uploads/2020/04/shutterstock_160978433.jpg]
[somarawellness.com/wp-content/uploads/2020/04/shutterstock_324427670.jpg]
[somarawellness.com/wp-content/uploads/2020/03/4-1.jpg]
[somarawellness.com/wp-content/uploads/2020/04/shutterstock_324427673.jpg]
[somarawellness.com/wp-content/uploads/2020/03/shutterstock_324427688.jpg]
[somarawellness.com/wp-content/uploads/2020/04/shutterstock_232425616.jpg]
[somarawellness.com/wp-content/uploads/2020/03/woman-stretching-at-work.jpg]
[somarawellness.com/wp-content/uploads/2020/03/manicured-hands-e1587184373218.jpg]
[somarawellness.com/wp-content/uploads/2020/03/aroma-on-the-desk.jpg]
[somarawellness.com/wp-content/uploads/2020/03/woman-with-tea.jpg]
[somarawellness.com/wp-content/uploads/elementor/css/post-38785fd5.css]
[somarawellness.com/index5bb7.html]
[somarawellness.com/wp-content/plugins/woocommerce/assets/css/photoswipe/default-skin/default-skin.svg]
[somarawellness.com/Version/index.html]
[somarawellness.com/t.params.html]
[somarawellness.com/wp-json/wp/v2/pages/6015.json]
[somarawellness.com/wp-json/oembed/1.0/embedf080.json]
[somarawellness.com/thank-you/index.html]
[somarawellness.com/-negative.html]
[somarawellness.com/OPR/index.html]
[somarawellness.com/edge/index.html]
[somarawellness.com/post-2.html]
[somarawellness.com/dist/index.html]
[somarawellness.com/window.location.html]
[somarawellness.com/wp-json/oembed/1.0/embed36a4]
[somarawellness.com/thank-you/feed/index.html]
[somarawellness.com/wp-content/plugins/jeg-elementor-kit/assets/fonts/jkiticon/jkiticon7107.svg]
[somarawellness.com/book-appointment/0/0.html]
[somarawellness.com/book-appointment/0/1.html]
[somarawellness.com/index7c9c.html]
[somarawellness.com/wp-content/uploads/2020/05/16-2.png]
[somarawellness.com/wp-content/uploads/elementor/css/post-4393a083.css]
[somarawellness.com/wp-includes/js/imagesloaded.minbb93.js]
[somarawellness.com/index29ae.html]
[somarawellness.com/indexc93d.html]
[somarawellness.com/wp-includes/js/jquery/jquery.minf43b.js]
[somarawellness.com/wp-includes/js/jquery/jquery-migrate.min5589.js]
[somarawellness.com/wp-includes/fonts/dashicons7d4b.eot]
[somarawellness.com/wp-includes/css/dashicons.minadc6.css]
[somarawellness.com/wp-includes/css/buttons.minadc6.css]
[somarawellness.com/wp-includes/fonts/dashicons7d4b.ttf]
[somarawellness.com/wp-admin/images/loading.gif]
[somarawellness.com/wp-admin/css/forms.minadc6.css]
[somarawellness.com/wp-admin/css/l10n.minadc6.css]
[somarawellness.com/wp-admin/images/w-logo-blue7a53.png]
[somarawellness.com/wp-admin/images/wordpress-logo7d6b.svg]
[somarawellness.com/wp-admin/css/login.minadc6.css]
[somarawellness.com/wp-content/plugins/woocommerce/assets/css/select212c8.css]
[somarawellness.com/wp-json/wp/v2/pages/1109.json]
[somarawellness.com/my-account/index.html]
[somarawellness.com/wp-json/oembed/1.0/embed55ac.json]
[somarawellness.com/wp-json/oembed/1.0/embed121f]
[somarawellness.com/wp-content/plugins/woocommerce/assets/js/selectWoo/selectWoo.full.min1716.js]
[somarawellness.com/wp-content/plugins/woocommerce/assets/js/frontend/password-strength-meter.min12c8.js]
[somarawellness.com/my-account/lost-password/index.html]
[somarawellness.com/wp-includes/js/zxcvbn-async.min5152.js]
[somarawellness.com/wp-admin/js/password-strength-meter.minadc6.js]
[somarawellness.com/wp-admin/js/user-profile.minadc6.js]
[somarawellness.com/index2e52.html]
[somarawellness.com/wp-admin/images/wordpress-logo7d6b.svg]
[somarawellness.com/my-account/index.html]
[somarawellness.com/wp-content/plugins/woocommerce/assets/css/select212c8.css]
[somarawellness.com/index6a48.html]
[somarawellness.com/wp-content/plugins/woocommerce/assets/js/selectWoo/selectWoo.full.min1716.js]
[somarawellness.com/wp-content/plugins/woocommerce/assets/js/frontend/password-strength-meter.min12c8.js]
[somarawellness.com/wp-content/plugins/woocommerce/assets/js/frontend/lost-password.min12c8.js]
